#define AA 0

#if 0

#define VAR_ZERO min (iFrame,0)

#else

#define VAR_ZERO 0

#endif

vec4 wgObj;
vec3 ltDir,vnBlk;
vec2 qBlk;
float dstFar,tCur,tMov,angRot,bEdge,tCyc,cnPos,hitBlk;
int idObj;

#define DMIN(id)if (d<dMin){dMin=d;idObj=id;}

#define txBuf iChannel0

#define txSize iChannelResolution[0].xy

vec4 BPos(float t)
{
  vec3 p;
  float a;
  t=mod(t,tCyc);
  p=t<5.?
    a=0.,vec3(-1.018+2.118*t/5.,bEdge,0):
    t<10.?
      a=1.57079635*(t-5.)/5.,vec3(1.1,bEdge+sin(a),1.-cos(a)):
      t<15.?
        a=1.57079635,vec3(1.1-2.118*(t-10.)/5.,1.+bEdge,1):
        t<17.5?
          a=1.57079635,vec3(-1.018,1.+bEdge,1.-(t-15.)/2.5):
          (t-=17.5,a=-1.57079635*t,vec3(-1.018,1.+bEdge-t*t,0));
  return vec4(p,a);
}
float PrBoxDf(vec3 p,vec3 b)
{
  p=abs(p)-b;
  return min(max(p.x,max(p.y,p.z)),0.)+length(max(p,0.));
}
float PrRoundBoxDf(vec3 p,vec3 b)
{
  return length(max(abs(p)-b,0.))-.02;
}
float PrCylDf(vec3 p,float r,float h)
{
  return max(length(p.xy)-r,abs(p.z)-h);
}
float PrRoundCylDf(vec3 p,float r,float rt,float h)
{
  return length(max(vec2(length(p.xy)-r,abs(p.z)-h),0.))-rt;
}
float PrCaps2Df(vec2 p,float r,float h)
{
  return length(p-vec2(0,clamp(p.y,-h,h)))-r;
}
float Minv3(vec3 p)
{
  return min(p.x,min(p.y,p.z));
}
float Maxv3(vec3 p)
{
  return max(p.x,max(p.y,p.z));
}
float Minv2(vec2 p)
{
  return min(p.x,p.y);
}
float Maxv2(vec2 p)
{
  return max(p.x,p.y);
}
float SmoothMin(float a,float b,float r)
{
  float h=clamp(.5+.5*(b-a)/r,0.,1.);
  return mix(b-h*r,a,h);
}
float SmoothMax(float a,float b,float r)
{
  return-SmoothMin(-a,-b,r);
}
float SmoothBump(float lo,float hi,float w,float x)
{
  return(1.-smoothstep(hi-w,hi+w,x))*smoothstep(lo-w,lo+w,x);
}
mat3 StdVuMat(float el,float az)
{
  vec2 ori,ca,sa;
  ori=vec2(el,az);
  ca=cos(ori);
  sa=sin(ori);
  return mat3(ca.y,0.,-sa.y,0.,1.,0.,sa.y,0.,ca.y)*mat3(1.,0.,0.,0.,ca.x,-sa.x,0.,sa.x,ca.x);
}
vec2 Rot2D(vec2 q,float a)
{
  vec2 cs=sin(a+vec2(1.57079635,0));
  return vec2(dot(q,vec2(cs.x,-cs.y)),dot(q.yx,cs));
}
float GearWlDf(vec3 p,float rad,float wlThk,float tWid,float nt,float aRot,bool bev,float dMin)
{
  vec3 q;
  float d,s;
  q=p;
  d=max(length(q.xy)-rad,abs(q.z)-wlThk);
  if(d<dMin)
    {
      q.xy=Rot2D(q.xy,aRot);
      q.xy=Rot2D(q.xy,floor(nt*atan(q.y,-q.x)/6.2831854+.5)*2.*3.1415927/nt);
      if(bev)
        q.xy*=1.2-.2*q.z/wlThk;
      s=q.x-2.*clamp(1.5*tWid+.5*q.x*step(0.,q.x)-abs(q.y),0.,tWid);
      d=max(d,-rad-.95*s);
    }
  return min(dMin,d);
}
float GearDf(vec3 p)
{
  vec3 q;
  float dMin,wlThk,tWid,nt,rad,gRat;
  dMin=dstFar/.3;
  gRat=2.;
  rad=.3;
  wlThk=rad/7.;
  tWid=rad/10.;
  nt=20.;
  q=p-vec3(-1.05,-.21,1.3);
  dMin=GearWlDf((q-vec3(.85*rad,0,.85*rad)).yzx,rad,wlThk,tWid,nt,angRot*gRat+3.1415927/nt,true,GearWlDf(-q,rad,wlThk,tWid,nt,angRot*gRat,true,dMin));
  rad=.43;
  wlThk=rad/15.;
  tWid=rad/16.;
  nt=32.;
  q=p-vec3(.1,0,1);
  dMin=GearWlDf(-(q-vec3(0,-.21,.555)).zyx,rad/gRat,wlThk,tWid,nt/gRat,-angRot*gRat,false,GearWlDf((q-vec3(0,bEdge,0)).yzx,rad,wlThk,tWid,nt,-angRot-.94247781/nt,false,dMin));
  rad=.32;
  wlThk=rad/15.;
  tWid=rad/12.;
  nt=24.;
  q=p-vec3(-1.05,-.21,.6);
  dMin=GearWlDf(q-vec3(0,0,-.1),rad/gRat,wlThk,tWid,nt/gRat,angRot*gRat*gRat*gRat,false,GearWlDf(q-vec3(0,-.47,-.1),rad,wlThk,tWid,nt,-angRot*gRat*gRat-3.1415927/nt,false,GearWlDf(q-vec3(0,-.47,.1),rad/gRat,wlThk,tWid,nt/gRat,-angRot*gRat*gRat,false,GearWlDf(q-vec3(0,0,.1),rad,wlThk,tWid,nt,angRot*gRat+3.1415927/nt,false,dMin))));
  return dMin*.3;
}
float ObjDf(vec3 p)
{
  vec3 q;
  float dMin,d,r,a;
  dMin=dstFar;
  q=p-vec3(1.13+bEdge,bEdge,1);
  r=length(q.yz);
  q.yz=Rot2D(q.yz,-angRot);
  a=r>0.?
    atan(q.z,-q.y)/6.2831854:
    0.;
  q.yz=Rot2D(q.yz,6.2831854*floor(8.*a+.5)/8.);
  q.z=abs(q.z);
  d=SmoothMax(min(min(abs(r-1.01)-.1,r-.3),max(r-1.,dot(q.yz,vec2(sin(.157079635),cos(.157079635))))),abs(q.x)-.02,.01);
  DMIN(7);
  d=min(PrBoxDf(p-vec3(0,.98,1),vec3(1.12,.02,.1)),PrBoxDf(p-vec3(-1.018,.98,.5),vec3(.1,.02,.5-bEdge)));
  DMIN(2);
  d=SmoothMax(abs(PrCaps2Df((p-vec3(-.05,-.21,0)).yx,.2,1.))-.01,abs(p.z)-.1,.02);
  DMIN(3);
  q=p-vec3(-.05,-.21,0);
  q.x=abs(q.x)-1.;
  d=PrRoundCylDf(q,.18,.01,.11);
  DMIN(8);
  q=p-vec3(.65,-.14,1);
  q.x=abs(q.x)-.3;
  d=PrRoundBoxDf(q,vec3(.01,1.08,.06));
  q=p-vec3(-.05,-.68,0);
  q.xz=abs(q.xz)-vec2(1,.2);
  d=min(d,PrRoundBoxDf(q,vec3(.04,.55,.01)));
  q=p-vec3(-1.05,-.14,1);
  d=min(d,PrRoundBoxDf(q,vec3(.04,1.08,.01)));
  q=p-vec3(-1.05,-.68,.6);
  q.z=abs(q.z)-.2;
  d=min(d,PrRoundBoxDf(q,vec3(.04,.55,.01)));
  q=p-vec3(-.33,-.68,1.555);
  q.x=abs(q.x)-.3;
  d=min(d,PrRoundBoxDf(q,vec3(.01,.55,.04)));
  DMIN(4);
  q=p-vec3(.65,bEdge,1);
  d=PrCylDf(q.yzx,.04,.62);
  q=p-vec3(-.36,-.21,1.555);
  d=min(d,PrCylDf(q.yzx,.03,.51));
  q=p-vec3(-.05,-.21,0);
  q.x-=1.;
  d=min(d,PrCylDf(q,.03,.27));
  q.xz-=vec2(-2,.14);
  d=min(d,PrCylDf(q,.03,.4));
  q.z-=.87;
  d=min(d,PrCylDf(q,.03,.36));
  q=p-vec3(-1.05,-.68,.6);
  d=min(d,PrCylDf(q,.03,.25));
  DMIN(5);
  q=p-vec3(0,-1.2,.9);
  d=PrRoundBoxDf(q,vec3(1.7,.03,1.5));
  DMIN(6);
  q=p-wgObj.xyz;
  d=PrRoundCylDf(q.xzy,wgObj.w,.02,.02);
  DMIN(9);
  return dMin;
}
float ObjRay(vec3 ro,vec3 rd)
{
  float dHit,d;
  dHit=0.;
  for(int j=VAR_ZERO;j<150;j++)
    {
      d=ObjDf(ro+dHit*rd);
      dHit+=d;
      if(d<5e-4||dHit>dstFar)
        break;
    }
  return dHit;
}
float GearRay(vec3 ro,vec3 rd)
{
  float dHit,d;
  dHit=0.;
  for(int j=VAR_ZERO;j<250;j++)
    {
      d=GearDf(ro+dHit*rd);
      dHit+=d;
      if(d<5e-4||dHit>dstFar)
        break;
    }
  return dHit;
}
vec3 GearNf(vec3 p)
{
  vec4 v;
  vec2 e=vec2(5e-4,-5e-4);
  for(int j=VAR_ZERO;j<4;j++)
    v[j]=GearDf(p+(j<2?
      j==0?
        e.xxx:
        e.xyy:
      j==2?
        e.yxy:
        e.yyx));
  v.x=-v.x;
  return normalize(2.*v.yzw-dot(v,vec4(1)));
}
vec3 ObjNf(vec3 p)
{
  vec4 v;
  vec2 e=vec2(5e-4,-5e-4);
  for(int j=VAR_ZERO;j<4;j++)
    v[j]=ObjDf(p+(j<2?
      j==0?
        e.xxx:
        e.xyy:
      j==2?
        e.yxy:
        e.yyx));
  v.x=-v.x;
  return normalize(2.*v.yzw-dot(v,vec4(1)));
}
float BlkHit(vec3 ro,vec3 rd)
{
  vec4 a4;
  vec3 rm,rdm,u,v,tm,tp;
  float dMin,dn,df;
  dMin=dstFar;
  for(float k=float(VAR_ZERO);k<13.;k++)
    {
      a4=BPos(tMov+tCyc*k/13.);
      rm=ro-a4.xyz;
      rdm=rd;
      rm.zy=Rot2D(rm.zy,a4.w);
      rdm.zy=Rot2D(rdm.zy,a4.w);
      v=rm/rdm;
      tp=bEdge/abs(rdm)-v;
      tm=-tp-2.*v;
      dn=Maxv3(tm);
      df=Minv3(tp);
      if(df>0.&&dn<min(df,dMin))
        dMin=dn,hitBlk=k,vnBlk=-sign(rdm)*step(tm.zxy,tm)*step(tm.yzx,tm),u=(v+dn)*rdm,qBlk=vec2(dot(u.zxy,vnBlk),dot(u.yzx,vnBlk)),vnBlk.zy=Rot2D(vnBlk.zy,-a4.w);
    }
  return dMin;
}
float BlkHitSh(vec3 ro,vec3 rd)
{
  vec4 a4;
  vec3 rm,rdm,v,tm,tp;
  float dMin,dn,df;
  dMin=dstFar;
  for(float k=float(VAR_ZERO);k<13.;k++)
    {
      a4=BPos(tMov+tCyc*k/13.);
      rm=ro-a4.xyz;
      rdm=rd;
      rm.zy=Rot2D(rm.zy,a4.w);
      rdm.zy=Rot2D(rdm.zy,a4.w);
      v=rm/rdm;
      tp=bEdge/abs(rdm)-v;
      tm=-tp-2.*v;
      dn=Maxv3(tm);
      df=Minv3(tp);
      if(df>0.&&dn<min(df,dMin))
        dMin=dn;
    }
  return smoothstep(0.,6.,dMin);
}
float ObjSShadow(vec3 ro,vec3 rd)
{
  float sh,d,h;
  sh=1.;
  d=.02;
  for(int j=VAR_ZERO;j<30;j++)
    {
      h=ObjDf(ro+rd*d);
      sh=min(sh,smoothstep(0.,.05*d,h));
      d+=h;
      if(sh<.05)
        break;
    }
  return sh;
}
float GearSShadow(vec3 ro,vec3 rd)
{
  float sh,d,h;
  sh=1.;
  d=.02;
  for(int j=VAR_ZERO;j<30;j++)
    {
      h=GearDf(ro+rd*d);
      sh=min(sh,smoothstep(0.,.05*d,h));
      d+=h;
      if(sh<.05)
        break;
    }
  return sh;
}
vec3 HsvToRgb(vec3 c)
{
  return c.z*mix(vec3(1),clamp(abs(fract(c.xxx+vec3(1,2/3.,1/3.))*6.-3.)-1.,0.,1.),c.y);
}
vec3 ShowScene(vec3 ro,vec3 rd)
{
  vec4 col4;
  vec3 vn,col,q;
  float dstObj,dstGear,dstBlk,sh,r,a,nDotL;
  int idObjT;
  bool isMet;
  tCyc=18.5;
  bEdge=.08;
  isMet=false;
  angRot=.31415927*tMov;
  dstObj=ObjRay(ro,rd);
  idObjT=idObj;
  dstGear=GearRay(ro,rd);
  idObj=dstGear<min(dstObj,dstFar)?
    dstObj=dstGear,1:
    idObjT;
  dstBlk=BlkHit(ro,rd);
  if(min(dstBlk,dstObj)<dstFar)
    {
      if(dstBlk<dstObj)
        dstObj=dstBlk,ro+=dstObj*rd,idObj=10,vn=vnBlk,col4=vec4(HsvToRgb(vec3(hitBlk/13.,1,1)),.2)*(1.-.4*step(.8*bEdge,Maxv2(abs(qBlk))));
      else
        {
          ro+=dstObj*rd;
          vn=idObj==1?
            GearNf(ro):
            ObjNf(ro);
          if(idObj==7)
            {
              col4=vec4(.9,.7,.3,.2);
              q=ro-vec3(1.1+bEdge+.03,bEdge,1);
              r=length(q.yz);
              q.yz=Rot2D(q.yz,-angRot);
              a=fract(64.*atan(q.z,-q.y)/6.2831854+.5);
              if(r>.99)
                vn.yz=Rot2D(vn.yz,-sin(a-.5));
              if(r>.92)
                col4*=.7+.3*SmoothBump(.05,.95,.01,a);
              isMet=true;
            }
          else if(idObj==1)
            col4=vec4(.9,.8,.4,.2),isMet=true;
          else if(idObj==8)
            col4=vec4(.8,.8,.85,.2)*(1.-.4*step(abs(ro.z),.1)),isMet=true;
          else if(idObj==5)
            col4=vec4(.8,.8,.85,.2),isMet=true;
          else if(idObj==2)
            col4=abs(vn.y)>.99?
              vec4(.5,.6,.2,.05):
              vec4(.7,.5,.4,.1);
          else if(idObj==3)
            {
              q=ro-vec3(-.05,-.21,0);
              col4=vec4(.8,.8,.4,0);
              if(sign(vn.y)!=sign(q.y))
                {
                  if(abs(q.x)<1.&&abs(vn.y)>.5)
                    col4*=1.-.1*SmoothBump(.45,.55,.03,fract(10.*(q.x-sign(q.y)*mod(tMov,20.)*2.1/5.)));
                }
              else
                 col4*=.8+.2*smoothstep(0.,.01,abs(abs(q.z)-.07));
            }
          else if(idObj==4)
            col4=vec4(.7,.5,.4,.1),isMet=true;
          else if(idObj==6)
            {
              q=ro;
              q.z-=.9;
              if(Maxv2(abs(q.xz)-vec2(1.65,1.45))>0.)
                col4=vec4(.9,.9,.9,.2),isMet=true;
              else
                 col4=vec4(.3,.5,.4,0);
              col4*=(.5+.5*step(0.,Maxv2(abs(vec2(q.x,q.z+1.3))-vec2(.4,.02))))*(.7+.3*step(0.,abs(PrCaps2Df(vec2(q.z+1.3,q),.08,.5))-.01));
            }
          else if(idObj==9)
            {
              col4=vec4(0,1,1,.2);
              if(length(ro.xz-wgObj.xz)<.6*wgObj.w)
                col4=mix(.8*col4,vec4(1,0,1,.2),step(0.,sin(6.2831854*tCur)));
            }
        }
      sh=min(ObjSShadow(ro,ltDir),GearSShadow(ro,ltDir));
      sh=.6+.4*min(sh,BlkHitSh(ro+.01*ltDir,ltDir));
      nDotL=max(dot(vn,ltDir),0.);
      if(isMet)
        nDotL*=nDotL;
      col=col4.xyz*(.1+.1*max(-dot(vn,ltDir),0.)+.9*sh*nDotL)+col4.w*step(.95,sh)*sh*pow(max(0.,dot(ltDir,reflect(rd,vn))),32.);
      if(isMet)
        rd=reflect(rd,vn),col=mix(col,vec3(1),.01*step(.1,Minv2(fract(8.*vec2(atan(rd.z,rd.x),2.*asin(rd.y))+.5)-.5)));
    }
  else
     col=vec3(0,0,.1)*(1.+.9*rd.y);
  return clamp(col,0.,1.);
}
vec4 Loadv4(int idVar)
{
  float fi=float(idVar);
  return texture(txBuf,(vec2(mod(fi,128.),floor(fi/128.))+.5)/txSize);
}
void mainImage(out vec4 fragColor,vec2 fragCoord)
{
  mat3 vuMat;
  vec4 stDat;
  vec3 ro,rd,col;
  vec2 canvas,uv;
  float el,az,zmFac,sr;
  canvas=iResolution.xy;
  uv=2.*fragCoord.xy/canvas-1.;
  uv.x*=canvas.x/canvas.y;
  tCur=iTime;
  dstFar=30.;
  stDat=Loadv4(0);
  tMov=stDat.x;
  cnPos=stDat.y;
  wgObj=vec4(cnPos-.5,-1.12,-.4,.08);
  stDat=Loadv4(1);
  az=stDat.x;
  el=stDat.y;
  vuMat=StdVuMat(el,az);
  zmFac=4.;
  ro=vuMat*vec3(0,0,-8);
  ro.z+=.9;
  rd=vuMat*normalize(vec3(uv,zmFac));
  ltDir=vuMat*normalize(vec3(-.5,1,-1));
  
#if!AA

  
#else

  
#endif

  col=vec3(0);
  sr=2.*mod(dot(mod(floor(.5*(uv+1.)*canvas),2.),vec2(1)),2.)-1.;
  for(float a=float(VAR_ZERO);a<3.;a++)
    rd=vuMat*normalize(vec3(uv+step(1.5,3.)*Rot2D(vec2(.5/canvas.y,0),sr*(.667*a+.5)*3.1415927),zmFac)),col+=1/3.*ShowScene(ro,rd);
  fragColor=vec4(col,1);
}
