// Generated with  (https://github.com/laurentlb/Shader_Minifier/)
#ifndef MOUTON_EXPECTED_
# define MOUTON_EXPECTED_
# define VAR_a_position "v"
# define VAR_animationAmp "i"
# define VAR_animationSpeed "f"
# define VAR_anvilPos "z"
# define VAR_blink "d"
# define VAR_camFocal "o"
# define VAR_camPos "c"
# define VAR_camTa "e"
# define VAR_excited "n"
# define VAR_eyeDir "l"
# define VAR_eyesSurprise "p"
# define VAR_fishEyeFactor "u"
# define VAR_flowerPos "s"
# define VAR_fragColor "U"
# define VAR_headRot "a"
# define VAR_iTime "t"
# define VAR_noseSize "w"
# define VAR_panelPos "y"
# define VAR_panelWarningPos "x"
# define VAR_sheepPos "m"
# define VAR_sunDir "r"
# define VAR_tex "Q"

const char *mouton_vert =
 "#version 150\n"
 "in vec4 v;"
 "out vec3 i,f,m,s,y,x,z,r,c,e,l;"
 "out vec2 a,n;"
 "out float d,o,p,u,w;"
 "uniform float t;"
 "void main()"
 "{"
   "gl_Position=v;"
   "float g=t;"
   "m=vec3(0);"
   "y=vec3(9e7);"
   "s=vec3(9e7);"
   "x=vec3(9e7);"
   "z=vec3(9e7);"
   "o=2.;"
   "d=max(fract(t*.333),fract(t*.123+.1));"
   "n=vec2(0);"
   "r=normalize(vec3(3.5,1,-1));"
   "f=vec3(1);"
   "u=0.;"
   "a=vec2(0);"
   "w=1.;"
   "p=0.;"
   "if(g<7.5)"
     "i=vec3(1,.2,1),f=vec3(1,1,.5),l=vec3(0,.45,1),a.y=.25,o=4.,c=vec3(0,2.5,-3.7),e=vec3(0,3,0);"
   "else if(g<14.5)"
     "i=vec3(1,.2,.25),f=vec3(1,1,2),l=vec3(0,.5,1),a.y=.25,o=4.,c=vec3(5,.5,0),e=vec3(0,.5,1);"
   "else if(g<29.5)"
     "{"
       "float v=g-14.5;"
       "i=vec3(1,.2,.25);"
       "f=vec3(1,1,2);"
       "l=vec3(0,.5,1);"
       "a.y=.25;"
       "c=vec3(5.+v*.5,2,v*.5);"
       "e=vec3(0,2,0);"
     "}"
   "else if(g<44.)"
     "{"
       "float v=g-29.;"
       "i=vec3(1,.2,.25);"
       "f=vec3(1,1,2);"
       "l=vec3(0,.5,1);"
       "a.y=.25;"
       "float y=v*.35+2.5;"
       "r=normalize(vec3(cos(y),sin(y),-.3));"
       "o=1.5;"
       "c=vec3(22,2,v*.6-10.);"
       "e=vec3(0,2,v*.6-10.);"
     "}"
   "else if(g<52.)"
     "{"
       "float v=g-44.,x=smoothstep(5.,5.5,v);"
       "a.y=mix(.25,0.,x);"
       "i=vec3(1.-x,.2*(1.-x),1);"
       "f=vec3(1,1,.5);"
       "l=vec3(x*.3,.3-x*.3,1);"
       "p=smoothstep(7.4,7.6,v)*.2;"
       "o=4.;"
       "c=vec3(0,3,-4);"
       "e=vec3(0,3,0);"
       "if(v>3.)"
         "d=max(fract(t*.333),fract(t*.333+.08));"
     "}"
   "else if(g<54.8)"
     "{"
       "float v=g-52.;"
       "y=vec3(-5,0,-8);"
       "m=vec3(9e7);"
       "l=vec3(.3,0,1);"
       "p=.2;"
       "float x=smoothstep(0.,.5,v);"
       "o=mix(4.,3.,x);"
       "c=vec3(0,3,-4);"
       "e=mix(vec3(0,3,0),vec3(-5,5,-9),x);"
     "}"
   "else if(g<60.)"
     "{"
       "float v=g-55.;"
       "n.x=smoothstep(0.,.5,v);"
       "i=vec3(0);"
       "d=0.;"
       "l=vec3(.3,0,1);"
       "c=mix(vec3(0,3,-4),vec3(0,2,-6),n.x);"
       "e=vec3(0,3,0);"
       "o=mix(4.,3.,n.x)+smoothstep(0.,5.,v);"
     "}"
   "else if(g<65.)"
     "{"
       "float v=g-60.;"
       "l=vec3(0,0,1);"
       "m=vec3(0,0,-v*3.-2.);"
       "y=vec3(-5,0,-8);"
       "i=vec3(1,1,.5);"
       "f=vec3(3,1.5,8)*1.5;"
       "c=vec3(16,5,9);"
       "e=vec3(3,5,-2.-v);"
       "o=3.;"
     "}"
   "else if(g<73.)"
     "{"
       "float v=g-65.;"
       "i=vec3(1);"
       "f=vec3(3,1.5,8);"
       "float x=mod(v,8.);"
       "l=vec3(smoothstep(.5,1.,x)*smoothstep(2.8,2.5,x)-smoothstep(4.,4.5,x)*smoothstep(5.8,5.5,x)+cos(t)*.2,cos(t*.5)*.1+.1,1);"
       "u=.3;"
       "o=2.5;"
       "c=vec3(2.75,1,-5.25);"
       "e=vec3(0,2.3,0);"
       "float y=mod(v,2.);"
       "w+=smoothstep(.5,.6,y)*smoothstep(.7,.6,y)*.3;"
       "y=mod(v+.3,3.);"
       "w+=smoothstep(.5,.6,y)*smoothstep(.7,.6,y)*.3;"
     "}"
   "else if(g<76.)"
     "{"
       "float v=g-73.,y=smoothstep(1.,3.,v);"
       "i=vec3(0,1.-y*.5,1);"
       "f=vec3(3,1.5,6);"
       "l=vec3(y*.5,.3-y*.45,1);"
       "o=4.;"
       "c=vec3(0,3,-4);"
       "e=vec3(0,3,0);"
       "if(v>3.)"
         "d=max(fract(t*.333),fract(t*.333+.08));"
     "}"
   "else if(g<81.25)"
     "{"
       "float v=g-76.;"
       "x=vec3(-5,0,-8);"
       "l=vec3(.5,-.15,1);"
       "i=vec3(0,.5,1);"
       "f=vec3(3,1.5,6);"
       "float y=smoothstep(0.,1.,v);"
       "o=mix(4.,3.,y);"
       "c=vec3(0,3,-4);"
       "e=mix(vec3(0,3,0),vec3(-5,5,-9),y);"
     "}"
   "else if(g<88.)"
     "{"
       "float v=g-81.25;"
       "m=vec3(0,0,-11);"
       "x=vec3(-5,0,-8);"
       "l=normalize(mix(vec3(1,-.5,1),vec3(0,.5,1),smoothstep(2.8,3.2,v)));"
       "l=mix(l,vec3(1,-.5,1),smoothstep(6.,6.5,v));"
       "a.y=smoothstep(3.,3.5,v)*.6;"
       "a.x=smoothstep(3.,3.5,v)*smoothstep(7.,5.,v)*.25*sin(v*3.);"
       "i=vec3(1,.2,.5);"
       "f=vec3(0,.2,1);"
       "c=vec3(-3,4.8,-30);"
       "e=vec3(-3,4,0);"
       "o=3.5;"
     "}"
   "else if(g<96.)"
     "{"
       "float v=g-87.,y=smoothstep(6.,9.,v);"
       "m=vec3(0,0,v*.25-11.);"
       "x=vec3(-2,0,-8);"
       "l=vec3(-.5,.25-y,1);"
       "a.y=.5-y;"
       "i=vec3(1,.2,.5);"
       "f=vec3(-1,1,1)*.5;"
       "c=vec3(18,5,-5);"
       "e=vec3(-5,5,-6);"
       "o=3.;"
     "}"
   "else if(g<102.)"
     "{"
       "float v=g-96.;"
       "i=vec3(0);"
       "f=vec3(0);"
       "x=vec3(0,0,-8);"
       "e=mod(v,3.)<1.5?"
         "d=0.,c=vec3(0,2,-8),vec3(0,3,0):"
         "(c=vec3(0,5.5,2),vec3(0,5.75,0));"
       "l=vec3(0,-.1,1);"
       "o=3.+v*.1;"
     "}"
   "else if(g<110.)"
     "{"
       "float v=g-103.5,y=sin(min(v,5.));"
       "i=vec3(0);"
       "f=vec3(0);"
       "l=normalize(vec3(y*.7,0,1));"
       "l=mix(l,vec3(-.3,.2,1),smoothstep(5.2,5.4,v));"
       "a.x=y*.25;"
       "p=smoothstep(6.,6.2,v)*.2;"
       "m=vec3(0,(smoothstep(6.,6.2,v)-smoothstep(6.2,6.4,v))*.4,0);"
       "o=3.5;"
       "c=vec3(0,2,-8);"
       "e=vec3(0,3,0);"
     "}"
   "else if(g<112.)"
     "{"
       "float v=g-110.;"
       "m=vec3(9e7);"
       "x=vec3(-2,0,-8);"
       "s=vec3(5,0,-20);"
       "float y=smoothstep(.5,1.,v);"
       "o=mix(3.,4.,y);"
       "c=vec3(0,5.5,2);"
       "e=mix(vec3(-.5,5.75,0),vec3(5,2,-20),y);"
       "n.x=y*.3;"
     "}"
   "else if(g<117.8)"
     "{"
       "float v=(g-112.)*1.2;"
       "i=vec3(.1);"
       "f=vec3(.2);"
       "o=2.8+v*.15;"
       "int y=int(v);"
       "if(y%4==1)"
         "x=vec3(0,0,-8),c=vec3(2.5,2,-1),e=vec3(1,5.25,-8),o=2.8+pow(v*.3,1.2);"
       "else if(y%4==3)"
         "s=vec3(4,0,-8),c=vec3(0,5.5,2),e=vec3(4,3,-8),n.x=.3+.2/12,n.y=v/12.;"
       "else"
         " c=vec3(0,2.4,-8),e=vec3(0,3,0);"
       "float z=smoothstep(.3,.7,fract(v));"
       "if(y%4==0)"
         "z=1.-z;"
       "a.x=-z*.1;"
       "l=normalize(mix(vec3(.1,-.25,1),vec3(-.2,.2,1),z));"
       "l+=vec3(cos(v*10.),cos(v*5.),1)*.01;"
     "}"
   "else if(g<121.8)"
     "{"
       "float v=g-118.;"
       "m=vec3(9e7);"
       "x=vec3(-2,0,-8);"
       "s=vec3(5,0,-20);"
       "o=9.+v*.2;"
       "c=vec3(0,5.5,2);"
       "e=vec3(5,2,-20);"
       "n.x=.4;"
       "n.y=v;"
     "}"
   "else if(g<125.)"
     "{"
       "float v=g-120.;"
       "i=vec3(0,.1,0);"
       "f=vec3(0,.5,0);"
       "c=vec3(0,2.4,-8);"
       "e=vec3(0,3,0);"
       "a.x=-.1;"
       "a.y=sin(v*2.)*.1;"
       "p=smoothstep(0.,3.,v)*.1;"
       "l=vec3(-.2,.2,1);"
       "o=3.2-v*.15;"
       "n.x=.1;"
       "n.y=5.;"
     "}"
   "else if(g<137.)"
     "{"
       "float v=g-125.;"
       "l=vec3(0,0,1);"
       "m=vec3(0,0,-v*2.+2.);"
       "s=vec3(0,-.5,-30);"
       "i=vec3(1,1,.5);"
       "f=vec3(3,1.5,8);"
       "c=vec3(-2,3.5,mix(-10.,-33.,smoothstep(0.,10.,v)));"
       "e=vec3(2,2,-3.-v*2.);"
       "o=3.;"
     "}"
   "else if(g<142.)"
     "{"
       "float v=g-137.2;"
       "l=vec3(0,0,1);"
       "m=vec3(0,(1.-smoothstep(.3,.25,v))*-4.8,-22.-v*2.);"
       "s=vec3(2,0,-30);"
       "i=vec3(1,1,.5);"
       "f=vec3(3,1.5,8);"
       "c=vec3(-20,6,-13)+vec3(cos(v*72.),cos(v*64.),sin(v*48.))*3.*smoothstep(.3,.31,v)*smoothstep(.7,.1,v);"
       "e=vec3(3,2,-23);"
       "o=mix(4.,4.2,smoothstep(0.,5.,v));"
       "z=vec3(0,smoothstep(.3,.2,v)*13.,-22);"
     "}"
   "else"
     "{"
       "float v=g-143.;"
       "l=vec3(0,0,1);"
       "m=vec3(9e7);"
       "x=vec3(-1,0,-8);"
       "s=vec3(1,0,-25);"
       "e=vec3(2,3.6,-18);"
       "c=vec3(5,5,2);"
       "o=2.5+smoothstep(1.7,2.2,v)*4.2;"
       "z=vec3(7,0,-20);"
     "}"
   "l=normalize(l);"
 "}";

const char *mouton_frag =
 "#version 150\n"
 "out vec4 U;"
 "const vec2 g=vec2(1920,1080);"
 "in vec3 i,f,m,s,y,x,z,r,c,e,l;"
 "in vec2 a,n;"
 "in float d,o,p,u,w;"
 "uniform float t;"
 "const float C=acos(-1.);"
 "float D=0.;"
 "vec2 h(vec2 i,vec2 v)"
 "{"
   "return i.x<v.x?"
     "i:"
     "v;"
 "}"
 "float h(vec3 v,vec3 i,float y)"
 "{"
   "float x=max(dot(v,normalize(i+v)),0.),l=2e3/y;"
   "y=3./y;"
   "return(pow(x,l)*(l+2.)+pow(x,y)*(y+2.)*2.)*.008;"
 "}"
 "vec3 h(vec3 v)"
 "{"
   "uvec3 i=uvec3((v+1e2)*1e4);"
   "i=(i>>8U^i.yzx)*1103515245U;"
   "i=(i>>8U^i.yzx)*1103515245U;"
   "i=(i>>8U^i.yzx)*1103515245U;"
   "return vec3(i)*(1./float(-1U));"
 "}"
 "float B(vec3 v)"
 "{"
   "vec3 i=floor(v);"
   "v=fract(v);"
   "v=v*v*v*(v*(v*6.-15.)+10.);"
   "return mix(mix(mix(h(i+vec3(0)).x,h(i+vec3(1,0,0)).x,v.x),mix(h(i+vec3(0,1,0)).x,h(i+vec3(1,1,0)).x,v.x),v.y),mix(mix(h(i+vec3(0,0,1)).x,h(i+vec3(1,0,1)).x,v.x),mix(h(i+vec3(0,1,1)).x,h(i+vec3(1)).x,v.x),v.y),v.z)*2.-1.;"
 "}"
 "vec2 A(vec3 v)"
 "{"
   "v.xz-=z.xz;"
   "v.y-=-z.y;"
   "float y=v.y+smoothstep(1.,20.,length(v.xz));"
   "return y<.4?"
     "y-=pow((B(v*.9)*.5+B(v*1.6)*.3+B(v*2.7)*.1)*.5+.5,3.)*.45*(1.-exp((-t+137.3)*3.)),vec2(y,12):"
     "vec2(9e7,0);"
 "}"
 "mat3 A(vec3 v,vec3 y)"
 "{"
   "v=normalize(y-v);"
   "y=normalize(cross(v,normalize(vec3(0,1,0))));"
   "return mat3(y,cross(y,v),v);"
 "}"
 "mat2 E(float v)"
 "{"
   "float y=cos(v);"
   "v=sin(v);"
   "return mat2(y,v,-v,y);"
 "}"
 "vec3 A(vec3 v,vec2 y,float x)"
 "{"
   "vec2 i=vec2(cos(t*.7+2.),sin(t*.7+2.)*.75);"
   "float z=smoothstep(.151,.15,length(y-i));"
   "vec2 l=E(t*2e-4)*y*2e2,f=floor(l);"
   "v=h(vec3(abs(f),abs(f.x)));"
   "float m=v.z*.06;"
   "return z*smoothstep(.13,.2701,length(y-i-vec2(.05))+.004*B(1e2*vec3(y-i,0)))*vec3(1,.9,.1)*smoothstep(.5,-1.,r.y)+smoothstep(m,m*.01,length(fract(l)-.5+(v.xy-.5)))*(1.-z)+exp(-length(y-i)*2.)*.1+pow(x,2.);"
 "}"
 "float B(vec3 v,vec3 y)"
 "{"
   "v=abs(v)-y;"
   "return length(max(v,0.))+min(max(v.x,max(v.y,v.z)),0.);"
 "}"
 "vec2 F(vec3 v)"
 "{"
   "v-=z;"
   "v.xz=E(1.)*v.xz;"
   "float y=pow(clamp(v.y-1.,.004,1.),.5);"
   "y=B(v-vec3(0,1,0),vec3(1.5-y,1,2.5-y));"
   "if(y<10.)"
     "{"
       "y=min(y,B(v-vec3(0,3,0),vec3(2,1,3)));"
       "float x=max(max(length((v.yz-vec2(4.5,3))*vec2(1,.8))-2.,abs(v.x)-.5),v.y-3.5);"
       "y=min(y,x);"
       "return vec2(y-.1,11);"
     "}"
   "return vec2(9e7,0);"
 "}"
 "vec2 G(vec3 v)"
 "{"
   "v-=y;"
   "float i=B(v-vec3(0,7.5,-5),vec3(.8,.8,.1))-.2;"
   "if(i<7.)"
     "{"
       "i=max(i,abs(v.z+5.)-.1);"
       "float y=B(v-vec3(0,4,-5.1),vec3(.11,4,.08));"
       "return h(vec2(y,5),vec2(i,7));"
     "}"
   "return vec2(9e7,0);"
 "}"
 "float A(vec3 v,float y,float i,float x)"
 "{"
   "vec2 m=vec2(length(v.xz),v.y),l=vec2(x,y),f=vec2(x-i,2.*y),c=vec2(m.x-min(m.x,m.y<0.?"
     "i:"
     "x),abs(m.y)-y);"
   "f=m-l+f*clamp(dot(l-m,f)/dot(f,f),0.,1.);"
   "return(f.x<0.&&c.y<0.?"
     "-1.:"
     "1.)*sqrt(min(dot(c,c),dot(f,f)));"
 "}"
 "float E(vec3 v,vec3 y)"
 "{"
   "v-=y;"
   "y=vec3(0,2,4.9)-y;"
   "return length(v-y*clamp(dot(v,y)/dot(y,y),0.,1.))-.2;"
 "}"
 "float F(vec3 v,vec2 y)"
 "{"
   "return length(vec2(length(v.xy)-y.x,v.z))-y.y;"
 "}"
 "float G(vec3 v,vec3 y)"
 "{"
   "float i=length(v/y);"
   "return i*(i-1.)/length(v/(y*y));"
 "}"
 "vec2 H(vec3 v)"
 "{"
   "v-=s;"
   "vec3 y=v;"
   "y.x+=cos(.775+t)*3.1*.2;"
   "y.y-=2.8;"
   "y.zy=E(.7)*y.zy;"
   "float i=G(y-vec3(0,.3,0),vec3(1,.2+cos(y.x*150.)*sin(y.z*150.)*.05,1)*.25);"
   "if(i<5.)"
     "{"
       "vec2 x=vec2(i,8);"
       "vec3 f=y;"
       "float l=C*.2,c=atan(f.z,f.x),s=length(f.xz);"
       "c=mod(c-l/2.,l)-l/2.;"
       "f.xz=vec2(cos(c),sin(c))*s;"
       "float m=G(f-vec3(.5,.2+sin(f.x*2.)*.2,0),vec3(2,.1+sin(f.z*40.)*.02,.75)*.25);"
       "if(m<x.x)"
         "x=vec2(m,9);"
       "float g=max(length(v.xz+vec2(cos(v.y*.25+t)*v.y*.2+.02,-.1))-smoothstep(3.1,0.,v.y)*.05-.02,v.y-3.1);"
       "if(g<x.x)"
         "x=vec2(g,10);"
       "return x;"
     "}"
   "return vec2(9e7,0);"
 "}"
 "float B(float v,float y,float x)"
 "{"
   "float i=clamp(.5+.5*(y-v)/x,0.,1.);"
   "return mix(y,v,i)-x*i*(1.-i);"
 "}"
 "float E(float v,float y,float i)"
 "{"
   "i*=1.4;"
   "float x=max(i-abs(v-y),0.);"
   "return max(v,y)+x*x*x/(6.*i*i);"
 "}"
 "vec2 I(vec3 v)"
 "{"
   "v-=m;"
   "float y=smoothstep(0.,1.,abs(mod(t,1.)*2.-1.));"
   "v.y-=1.;"
   "v.z-=-2.;"
   "float x=t*f.x;"
   "vec3 l=vec3(cos(x*C),cos(x*C*2.)*.1,0)*.025*i.x;"
   "x=length(v*vec3(1,1,.825)-vec3(0,1.5,2.55)-l)-2.;"
   "if(x<3.)"
     "{"
       "float z=pow(B((v-l+vec3(.05,0,.5))*2.)*.5+.5,.75)*2.-1.;"
       "x=x+.05-z*.2;"
       "float m=mod(t*f.x,2.),c=smoothstep(0.,.5,m),s=smoothstep(.5,1.,m),e=smoothstep(1.,1.5,m),o=smoothstep(1.5,2.,m);"
       "vec4 g=vec4(s*(1.-s),o*(1.-o),c*(1.-c),e*(1.-e)),n=(m*.5-vec4(s,o,c,e))*i.x;"
       "vec3 r=v;"
       "r.x-=.8;"
       "r.z-=2.+n.x;"
       "r.yz=E(g.x)*r.yz;"
       "float u=A(r-vec3(0),.7,.3,.2),U=A(r-vec3(0,-.8,0),.2,.35,.3);"
       "r=v;"
       "r.x+=1.;"
       "r.z-=2.+n.y;"
       "r.yz=E(g.y)*r.yz;"
       "u=min(u,A(r-vec3(0),.7,.3,.2));"
       "U=min(U,A(r-vec3(0,-.8,0),.2,.35,.3));"
       "r=v;"
       "r.x-=1.;"
       "r.z-=4.+n.z;"
       "r.yz=E(g.z)*r.yz;"
       "u=min(u,A(r-vec3(0),.7,.3,.2));"
       "U=min(U,A(r-vec3(0,-.8,0),.2,.35,.3));"
       "r=v;"
       "r.x+=1.;"
       "r.z-=4.+n.w;"
       "r.yz=E(g.w)*r.yz;"
       "u=min(u,A(r-vec3(0),.7,.3,.2));"
       "U=min(U,A(r-vec3(0,-.8,0),.2,.35,.3));"
       "vec3 K=v+vec3(0,-2,-1.2);"
       "K.xz=E((y*f.y-.5)*.25*i.y+a.x)*K.xz;"
       "K.zy=E(sin(t*f.y)*.25*i.y-a.y)*K.zy;"
       "float C=B(length(K-vec3(0,-1.3,-1.2))-1.,length(K-vec3(0))-.5,1.8);"
       "vec3 G=K*vec3(.7,1,.7);"
       "float H=B(length(K-vec3(0,.35,-.1))-.55-(cos(K.z*8.+K.y*4.5+K.x*4.)+cos(K.z*4.+K.y*6.5+K.x*8.))*.05,x,.1);"
       "G=K;"
       "G.yz=E(-.6)*G.yz;"
       "G.x=abs(v.x)-.8;"
       "G*=vec3(.3,1,.4);"
       "G-=vec3(0,-.05-pow(G.x,2.)*5.,-.1);"
       "float I=E(length(G)-.15,-length(G-vec3(0,-.1,0))+.12,.01);"
       "G.y*=.3;"
       "G.y-=-.11;"
       "float J=length(G)-.16;"
       "G=K;"
       "G.x=abs(K.x)-.4;"
       "float L=length(G*vec3(1,1,1.-p)-vec3(0,0,-1))-.3,M=B(E(abs(L)-.01,B(-abs(K.y+K.z*.025)+.25-smoothstep(.95,.96,d)*.3+cos(t)*.02,-K.z-1.-p*1.8,.2),.01),C,.02);"
       "C=min(C,M);"
       "G.x=abs(K.x)-.2;"
       "G.xz=E(-.45)*G.xz;"
       "C=B(E(C,-length(G-vec3(-.7,-1.2,-2.05))+.14*w,.1),F(G-vec3(-.7,-1.2,-1.94),vec2(.14*w,.05)),.05);"
       "float N=B(x,E(v-vec3(0,-.1,cos(v.y-.7)*.5),vec3(cos(t*f.z)*i.z,.2,5))-(cos(v.z*8.+v.y*4.5+v.x*4.)+cos(v.z*4.+v.y*6.5+v.x*3.))*.02,.1);"
       "vec2 k=h(h(vec2(x,1),vec2(N,1)),vec2(H,1));"
       "k.x=E(k.x,-J,.15);"
       "k=h(h(h(h(h(k,vec2(u,2)),vec2(C,2)),vec2(L,3)),vec2(U,4)),vec2(I,2));"
       "D=C;"
       "return k;"
     "}"
   "return vec2(x,1);"
 "}"
 "float F(vec3 v,vec2 i,float y)"
 "{"
   "return max(abs(v.z)-i.y,E(E(v.x*.9+v.y*.5,-v.x*.9+v.y*.5,y),-v.y,y)-i.x*.5);"
 "}"
 "vec2 J(vec3 v)"
 "{"
   "v-=x;"
   "float y=F(v-vec3(0,7.5,-5),vec2(1.7,.1),.3);"
   "if(y<8.)"
     "{"
       "y=E(y,-F(v-vec3(0,7.5,-5.1),vec2(1.6,.1),.3),.001);"
       "float i=B(v-vec3(0,4,-5.1),vec3(.11,4,.08));"
       "vec3 f=v;"
       "f.y=abs(f.y-7.3)-.3;"
       "i=min(i,B(f-vec3(0,0,-5.05),vec3(.35,.1,.05)));"
       "vec2 x=vec2(i,5);"
       "return h(x,vec2(y,6));"
     "}"
   "return vec2(9e7,0);"
 "}"
 "vec2 K(vec3 v)"
 "{"
   "return h(h(h(h(h(h(vec2(v.y,0),I(v)),H(v)),G(v)),J(v)),F(v)),A(v));"
 "}"
 "float B(vec3 v,vec3 y,float i,float x)"
 "{"
   "float l=.5*i-K(v+y*i*.5).x;"
   "i=.95*(i-K(v+y*i).x);"
   "return clamp(1.-x*1.5*(l+i),0.,1.);"
 "}"
 "float H(vec3 v,vec3 y)"
 "{"
   "float i=.01;"
   "for(int f=0;f<128;f++)"
     "{"
       "float x=K(v+y*i).x;"
       "i+=x;"
       "if(i>1e2||abs(x)<.001)"
         "break;"
     "}"
   "return i;"
 "}"
 "float I(vec3 v,vec3 y)"
 "{"
   "float i=1.,f=.08;"
   "for(int x=0;x<64;x++)"
     "{"
       "float m=K(v+y*f).x;"
       "i=min(i,30.*m/f);"
       "f+=m;"
       "if(i<1e-4||f>50.)"
         "break;"
     "}"
   "return clamp(i,0.,1.);"
 "}"
 "float E(vec2 v,float y,float x,float i)"
 "{"
   "v.x=abs(v.x);"
   "float f=(y-x)/i,m=sqrt(1.-f*f),l=dot(v,vec2(-f,m));"
   "return l<0.?"
     "length(v)-y:"
     "l>m*i?"
       "length(v-vec2(0,i))-x:"
       "dot(v,vec2(m,f))-y;"
 "}"
 "float J(vec2 v,float y)"
 "{"
   "vec2 x=vec2(.81,-.59),f=vec2(-x.x,x.y);"
   "v.x=abs(v.x);"
   "v-=2.*max(dot(x,v),0.)*x;"
   "v-=2.*max(dot(f,v),0.)*f;"
   "v.x=abs(v.x);"
   "v.y-=y;"
   "f=.5*vec2(-x.y,x)-vec2(0,1);"
   "float i=clamp(dot(v,f)/dot(f,f),0.,y);"
   "return length(v-f*i)*sign(v.y*f.x-v.x*f.y);"
 "}"
 "void main()"
 "{"
   "vec2 v=gl_FragCoord.xy/g,f=v*2.-1.;"
   "f.x*=g.x/g.y;"
   "vec3 i=c,m=A(i,e)*normalize(vec3(f,o-length(f)*u));"
   "float z=H(i,m);"
   "vec3 d=i+m*z;"
   "vec2 a=K(d),G=vec2(1e-4,0);"
   "vec3 C=normalize(vec3(a.x-K(d-G.xyy).x,a.x-K(d-G.yxy).x,a.x-K(d-G.yyx).x));"
   "float w=smoothstep(0.,.3,r.y)+.1,k=B(d,C,.15,1.)*B(d,C,1.,.1)*.5,L=I(d,r),M=1.+dot(m,C);"
   "vec3 N=vec3(1,.8,.7)*max(dot(C,r),0.)*pow(vec3(L),vec3(1,1.2,1.5)),O=vec3(1,.8,.7)*.1*max(dot(C,-r),0.)*k,P=vec3(.5)*mix(B(d,m,.3,.75),B(d,r,.3,.75),.5),Q=vec3(1)*max(dot(reflect(m,C),r),0.),R=vec3(0),S=vec3(.4,.45,.5)*k,T=vec3(0),b=vec3(0);"
   "if(a.y==0.)"
     "b=vec3(3),P*=0.,Q*=0.;"
   "else if(a.y==1.)"
     "b=vec3(.4),P*=M*.5+.5,T=vec3(.35),Q=pow(Q,vec3(4))*M*.25;"
   "else if(a.y==4.)"
     "b=vec3(.025),P*=0.,Q=pow(Q,vec3(80))*M*10.;"
   "else if(a.y==3.)"
     "{"
       "P*=.5;"
       "vec3 v=normalize(l+(B(vec3(t,t*.5,t*1.5))*2.-1.)*.01),y=cross(v,vec3(0,1,0)),x=cross(v,y);"
       "y=cross(x,v);"
       "vec3 f=C.z*v+C.x*y+C.y*x,s=m.z*l+m.x*y+m.y*x;"
       "vec2 c=s.xy/s.z*length(f.xy)/length(i-d)*.4;"
       "f.xy-=c*smoothstep(.01,0.,dot(f,m));"
       "float a=.2+p*.5,z=length(f.xy),e=atan(f.x,f.y);"
       "vec3 g=mix(vec3(.5,.3,.1),vec3(0,.8,1),smoothstep(.16,.3,z)*.3+cos(e*15.)*.04);"
       "float o=smoothstep(a,a+.02,z);"
       "b=mix(g*.3,mix(g*((smoothstep(-.9,1.,B(vec3(z*10.,e*30.+cos(z*50.+B(vec3(e))*50.),0)))+smoothstep(-.9,1.,B(vec3(z*10.,e*40.+cos(z*30.+B(vec3(e))*50.)*2.,0))))*.5+.5)*smoothstep(.3,.29,z)*(vec3(1,.8,.7)*pow(max(0.,dot(normalize(vec3(3,1,-1)),f)),8.)*3e2+.5)*o+pow(Q,vec3(800))*3,vec3(.8),smoothstep(.29,.3,z)),smoothstep(0.,.05,abs(z-.3)+.01));"
       "C=mix(normalize(C+(l+C)*4.),C,smoothstep(.3,.32,z));"
       "{"
         "vec3 r=reflect(m,C),n=normalize(vec3(1,1.5,-1)),w=vec3(-n.x,n.y*.5,n.z);"
         "R=(mix(mix(vec3(.3,.3,0),vec3(.1),smoothstep(-.7,.2,r.y)),vec3(.3,.65,1),smoothstep(0.,1.,r.y))+(h(r,n,.1)+h(r,w,2.)*.1+h(r,normalize(n+vec3(.2,0,0)),.3)+h(r,normalize(n+vec3(.2,0,.2)),.5)+h(r,normalize(w+vec3(.1,0,.2)),8.)*.5)*vec3(1,.9,.8))*mix(.15,.2,o)*sqrt(M)*2.5;"
       "}"
       "K(d);"
       "b*=smoothstep(0.,.015,D)*.4+.6;"
       "Q*=0.;"
     "}"
   "else if(a.y==5.)"
     "b=vec3(.85,.95,1),P*=0.,Q=pow(Q,vec3(8))*M*2.;"
   "else if(a.y==6.)"
     "{"
       "vec3 y=d-x;"
       "P*=0.;"
       "Q=pow(Q,vec3(8))*M*20.;"
       "b=C.z>.5?"
         "mix(mix(vec3(1.5,0,0),vec3(2),smoothstep(.005,0.,F(y-vec3(0,7.5,-5),vec2(1.3,.2),.01))),vec3(0),smoothstep(.13,.1295,length(y-vec3(0,7.1,-4.9)))+smoothstep(.005,0.,E(y.xy-vec2(0,7.34),.06,.14,1.))):"
         "vec3(.85,.95,1);"
     "}"
   "else if(a.y==7.)"
     "{"
       "vec3 i=d-y;"
       "P*=0.;"
       "Q=pow(Q,vec3(8))*M*10.;"
       "if(C.z>.5)"
         "{"
           "b=vec3(0,0,1.5);"
           "i.y-=7.4;"
           "float y=B(i-vec3(0,.1,-5),vec3(.8,.8,1)),m=0.;"
           "i.xy=E(.8)*i.xy;"
           "m=(m+smoothstep(.01,0.,E(i.xy-vec2(-.04,-.6),.1,.05,1.))+smoothstep(.01,0.,E(i.xy-vec2(-.04,.5),.16,.135,.15)))*smoothstep(0.,.01,E(i.xy-vec2(-.12,.56),.001,.02,.2))*smoothstep(0.,.01,E(i.xy-vec2(0,.56),.001,.02,.2));"
           "i.xy=E(-1.6)*i.xy;"
           "m=m+smoothstep(.01,0.,E(i.xy-vec2(.04,-.6),.1,.05,1.))+smoothstep(.01,0.,E(i.xy-vec2(.04,.5),.16,.1,.15));"
           "b=mix(mix(b,vec3(2),smoothstep(.01,0.,y)),vec3(0),m);"
         "}"
       "else"
         " b=vec3(1);"
     "}"
   "else if(a.y==8.)"
     "{"
       "vec3 i=d-s;"
       "i.x+=cos(.775+t)*3.1*.2;"
       "i.y-=2.8;"
       "i.zy=E(.75)*i.zy;"
       "b=mix(vec3(2,.75,0),vec3(2,2,0),smoothstep(0.,.45,length(i-vec3(0,.3,0))))*1.8;"
       "P=vec3(.01);"
       "Q*=0.;"
     "}"
   "else if(a.y==10.)"
     "b=vec3(0,.05,0),Q*=M;"
   "else if(a.y==9.)"
     "{"
       "vec3 i=d-s;"
       "i.x+=cos(.775+t)*3.1*.2;"
       "i.y-=2.8;"
       "i.zy=E(.75)*i.zy;"
       "b=mix(vec3(1)+.5,vec3(.75,.5,1),smoothstep(.5,1.1,length(i-vec3(0,.3,0))))*2.;"
       "P*=0.;"
       "Q=pow(Q,vec3(4))*M;"
     "}"
   "else if(a.y==11.)"
     "b=vec3(1),N*=vec3(.1)*M,S*=vec3(.1)*M,O*=0.,P*=0.,Q=pow(Q,vec3(100))*M*2.;"
   "else if(a.y==12.)"
     "b=vec3(1,.01,.01)*.3,N*=vec3(3),S*=vec3(2)*M*M,P*=0.,Q=vec3(1,.3,.3)*pow(Q,vec3(500))*5.;"
   "else if(a.y==2.)"
     "b=vec3(1,.7,.5),S*=vec3(1,.75,.75),P=pow(P,vec3(.5,2.5,5)+2.)*2.,Q=pow(Q,vec3(4))*M*.02;"
   "b=clamp(mix((b*(S+N*.5+O*2.+P*2.)+R+Q*L+T)*w,A(m,f,w),smoothstep(90.,1e2,z)),0.,1.);"
   "if(a.y==0.)"
     "{"
       "float v=length(f)*.5,y=cos(atan(f.x,f.y)*15.-t*3.-v*30.*n.y);"
       "b=mix(b,mix(mix(vec3(1,.5,0),vec3(.8,.5,1),(cos(v*5.+t*5.)*.5+.5)*n.y),vec3(1),smoothstep(-v,v,y)),n.x);"
     "}"
   "a=E(t*5.)*vec2(abs(f.x*5.-.35)-1.8,f.y*5.-1.4);"
   "w=(1.4+.2*sin(t*20.))*smoothstep(.5,1.,n.x);"
   "b=pow(pow(mix(b,mix(vec3(1,.6,0),vec3(1,.2,0),smoothstep(-.1,.6,J(a,w*.5)))*1.3,smoothstep(0.,-.01,J(a,w))*n.x),vec3(1/2.2)),vec3(1,1.05,1.1));"
   "w=length(gl_FragCoord.xy/g.xx-vec2(.5,.3));"
   "k=max(.137,smoothstep(147.,146.,t));"
   "b*=smoothstep(k,k-.005,w);"
   "k=fract(23.*pow(w,.25));"
   "k-=smoothstep(.95,.99,k);"
   "b=smoothstep(0.,8.,t)*smoothstep(153.,150.,t)*mix(b,mix(vec3(1,.6,0),vec3(1,0,0),k),smoothstep(.135,.136,w)*smoothstep(147.,148.,t));"
   "U=vec4(b/(1.+pow(length(v*2.-1.),4.)*.04),1);"
 "}";

const char *fxaa_frag =
 "#version 150\n"
 "out vec4 U;"
 "const vec2 b=vec2(1920,1080);"
 "uniform sampler2D Q;"
 "void main()"
 "{"
   "vec2 v=1./b,y=gl_FragCoord.xy*v;"
   "vec4 i=vec4(y,y-v*.5);"
   "vec3 x=vec3(.299,.587,.114);"
   "float f=dot(textureLod(Q,i.zw,0.).xyz,x),l=dot(textureLod(Q,i.zw+vec2(1,0)*v.xy,0.).xyz,x),m=dot(textureLod(Q,i.zw+vec2(0,1)*v.xy,0.).xyz,x),c=dot(textureLod(Q,i.zw+vec2(1)*v.xy,0.).xyz,x),r=dot(textureLod(Q,i.xy,0.).xyz,x),s=min(r,min(min(f,l),min(m,c)));"
   "r=max(r,max(max(f,l),max(m,c)));"
   "y=vec2(-f-l+m+c,f+m-l-c);"
   "f=1./(min(abs(y.x),abs(y.y))+1/128.);"
   "y=min(vec2(8),max(vec2(-8),y*f))*v.xy;"
   "vec3 g=.5*(textureLod(Q,i.xy+y*(1/3.-.5),0.).xyz+textureLod(Q,i.xy+y*(2/3.-.5),0.).xyz),a=g*.5+.25*(textureLod(Q,i.xy+y*-.5,0.).xyz+textureLod(Q,i.xy+y*.5,0.).xyz);"
   "f=dot(a,x);"
   "U=f<s||f>r?"
     "vec4(g,1):"
     "vec4(a,1);"
 "}";

#endif // MOUTON_EXPECTED_
